0 verbose cli C:\Program Files\nodejs\node.exe C:\Users\Fabio R\AppData\Roaming\npm\node_modules\npm\bin\npm-cli.js
1 info using npm@11.6.1
2 info using node@v22.20.0
3 silly config load:file:C:\Users\Fabio R\AppData\Roaming\npm\node_modules\npm\npmrc
4 silly config load:file:C:\Users\Fabio R\.npmrc
5 silly config load:file:C:\Users\Fabio R\AppData\Roaming\npm\etc\npmrc
6 verbose title npm install ngrok
7 verbose argv "install" "--global" "ngrok"
8 verbose logfile logs-max:10 dir:C:\Users\Fabio R\Projects\checkout-RETIRO-redentor\apps\api\tmpnodejsnpm-cache\_logs\2025-10-07T18_34_28_523Z-
9 verbose logfile C:\Users\Fabio R\Projects\checkout-RETIRO-redentor\apps\api\tmpnodejsnpm-cache\_logs\2025-10-07T18_34_28_523Z-debug-0.log
10 silly packumentCache heap:2197815296 maxSize:549453824 maxEntrySize:274726912
11 silly logfile done cleaning log files
12 silly idealTree buildDeps
13 silly fetch manifest ngrok@*
14 silly packumentCache full:https://registry.npmjs.org/ngrok cache-miss
15 http fetch GET 200 https://registry.npmjs.org/ngrok 306ms (cache miss)
16 silly packumentCache full:https://registry.npmjs.org/ngrok set size:undefined disposed:false
17 silly placeDep ROOT ngrok@5.0.0-beta.2 OK for:  want: *
18 silly fetch manifest got@^11.8.5
19 silly packumentCache full:https://registry.npmjs.org/got cache-miss
20 silly fetch manifest uuid@^7.0.0 || ^8.0.0
21 silly packumentCache full:https://registry.npmjs.org/uuid cache-miss
22 silly fetch manifest yaml@^2.2.2
23 silly packumentCache full:https://registry.npmjs.org/yaml cache-miss
24 http fetch GET 200 https://registry.npmjs.org/got 97ms (cache miss)
25 silly packumentCache full:https://registry.npmjs.org/got set size:undefined disposed:false
26 silly fetch manifest extract-zip@^2.0.1
27 silly packumentCache full:https://registry.npmjs.org/extract-zip cache-miss
28 http fetch GET 200 https://registry.npmjs.org/yaml 151ms (cache miss)
29 silly packumentCache full:https://registry.npmjs.org/yaml set size:undefined disposed:false
30 silly fetch manifest lodash.clonedeep@^4.5.0
31 silly packumentCache full:https://registry.npmjs.org/lodash.clonedeep cache-miss
32 http fetch GET 200 https://registry.npmjs.org/extract-zip 70ms (cache miss)
33 silly packumentCache full:https://registry.npmjs.org/extract-zip set size:undefined disposed:false
34 silly fetch manifest hpagent@^0.1.2
35 silly packumentCache full:https://registry.npmjs.org/hpagent cache-miss
36 http fetch GET 200 https://registry.npmjs.org/lodash.clonedeep 50ms (cache miss)
37 silly packumentCache full:https://registry.npmjs.org/lodash.clonedeep set size:undefined disposed:false
38 http fetch GET 200 https://registry.npmjs.org/uuid 235ms (cache revalidated)
39 silly packumentCache full:https://registry.npmjs.org/uuid set size:224608 disposed:false
40 http fetch GET 200 https://registry.npmjs.org/hpagent 76ms (cache miss)
41 silly packumentCache full:https://registry.npmjs.org/hpagent set size:undefined disposed:false
42 silly placeDep node_modules/ngrok extract-zip@2.0.1 OK for: ngrok@5.0.0-beta.2 want: ^2.0.1
43 silly placeDep node_modules/ngrok got@11.8.6 OK for: ngrok@5.0.0-beta.2 want: ^11.8.5
44 silly placeDep node_modules/ngrok hpagent@0.1.2 OK for: ngrok@5.0.0-beta.2 want: ^0.1.2
45 silly placeDep node_modules/ngrok lodash.clonedeep@4.5.0 OK for: ngrok@5.0.0-beta.2 want: ^4.5.0
46 silly placeDep node_modules/ngrok uuid@8.3.2 OK for: ngrok@5.0.0-beta.2 want: ^7.0.0 || ^8.0.0
47 silly placeDep node_modules/ngrok yaml@2.8.1 OK for: ngrok@5.0.0-beta.2 want: ^2.2.2
48 silly fetch manifest debug@^4.1.1
49 silly packumentCache full:https://registry.npmjs.org/debug cache-miss
50 silly fetch manifest get-stream@^5.1.0
51 silly packumentCache full:https://registry.npmjs.org/get-stream cache-miss
52 silly fetch manifest yauzl@^2.10.0
53 silly packumentCache full:https://registry.npmjs.org/yauzl cache-miss
54 http fetch GET 200 https://registry.npmjs.org/get-stream 68ms (cache miss)
55 silly packumentCache full:https://registry.npmjs.org/get-stream set size:undefined disposed:false
56 silly fetch manifest @types/yauzl@^2.9.1
57 silly packumentCache full:https://registry.npmjs.org/@types%2fyauzl cache-miss
58 http fetch GET 200 https://registry.npmjs.org/yauzl 76ms (cache miss)
59 silly packumentCache full:https://registry.npmjs.org/yauzl set size:undefined disposed:false
60 silly fetch manifest p-cancelable@^2.0.0
61 silly packumentCache full:https://registry.npmjs.org/p-cancelable cache-miss
62 http fetch GET 200 https://registry.npmjs.org/debug 88ms (cache miss)
63 silly packumentCache full:https://registry.npmjs.org/debug set size:undefined disposed:false
64 silly fetch manifest responselike@^2.0.0
65 silly packumentCache full:https://registry.npmjs.org/responselike cache-miss
66 http fetch GET 200 https://registry.npmjs.org/@types%2fyauzl 56ms (cache miss)
67 silly packumentCache full:https://registry.npmjs.org/@types%2fyauzl set size:undefined disposed:false
68 silly fetch manifest http2-wrapper@^1.0.0-beta.5.2
69 silly packumentCache full:https://registry.npmjs.org/http2-wrapper cache-miss
70 http fetch GET 200 https://registry.npmjs.org/p-cancelable 56ms (cache miss)
71 silly packumentCache full:https://registry.npmjs.org/p-cancelable set size:undefined disposed:false
72 silly fetch manifest lowercase-keys@^2.0.0
73 silly packumentCache full:https://registry.npmjs.org/lowercase-keys cache-miss
74 http fetch GET 200 https://registry.npmjs.org/responselike 59ms (cache miss)
75 silly packumentCache full:https://registry.npmjs.org/responselike set size:undefined disposed:false
76 silly fetch manifest @sindresorhus/is@^4.0.0
77 silly packumentCache full:https://registry.npmjs.org/@sindresorhus%2fis cache-miss
78 http fetch GET 200 https://registry.npmjs.org/lowercase-keys 147ms (cache miss)
79 silly packumentCache full:https://registry.npmjs.org/lowercase-keys set size:undefined disposed:false
80 silly fetch manifest cacheable-lookup@^5.0.3
81 silly packumentCache full:https://registry.npmjs.org/cacheable-lookup cache-miss
82 http fetch GET 200 https://registry.npmjs.org/http2-wrapper 161ms (cache miss)
83 silly packumentCache full:https://registry.npmjs.org/http2-wrapper set size:undefined disposed:false
84 silly fetch manifest cacheable-request@^7.0.2
85 silly packumentCache full:https://registry.npmjs.org/cacheable-request cache-miss
86 http fetch GET 200 https://registry.npmjs.org/@sindresorhus%2fis 152ms (cache miss)
87 silly packumentCache full:https://registry.npmjs.org/@sindresorhus%2fis set size:undefined disposed:false
88 silly fetch manifest @types/responselike@^1.0.0
89 silly packumentCache full:https://registry.npmjs.org/@types%2fresponselike cache-miss
90 http fetch GET 200 https://registry.npmjs.org/cacheable-lookup 51ms (cache miss)
91 silly packumentCache full:https://registry.npmjs.org/cacheable-lookup set size:undefined disposed:false
92 silly fetch manifest decompress-response@^6.0.0
93 silly packumentCache full:https://registry.npmjs.org/decompress-response cache-miss
94 http fetch GET 200 https://registry.npmjs.org/cacheable-request 66ms (cache miss)
95 silly packumentCache full:https://registry.npmjs.org/cacheable-request set size:undefined disposed:false
96 silly fetch manifest @szmarczak/http-timer@^4.0.5
97 silly packumentCache full:https://registry.npmjs.org/@szmarczak%2fhttp-timer cache-miss
98 http fetch GET 200 https://registry.npmjs.org/@types%2fresponselike 92ms (cache miss)
99 silly packumentCache full:https://registry.npmjs.org/@types%2fresponselike set size:undefined disposed:false
100 silly fetch manifest @types/cacheable-request@^6.0.1
101 silly packumentCache full:https://registry.npmjs.org/@types%2fcacheable-request cache-miss
102 http fetch GET 200 https://registry.npmjs.org/decompress-response 69ms (cache miss)
103 silly packumentCache full:https://registry.npmjs.org/decompress-response set size:undefined disposed:false
104 http fetch GET 200 https://registry.npmjs.org/@szmarczak%2fhttp-timer 84ms (cache miss)
105 silly packumentCache full:https://registry.npmjs.org/@szmarczak%2fhttp-timer set size:undefined disposed:false
106 http fetch GET 200 https://registry.npmjs.org/@types%2fcacheable-request 78ms (cache miss)
107 silly packumentCache full:https://registry.npmjs.org/@types%2fcacheable-request set size:undefined disposed:false
108 silly placeDep node_modules/ngrok @types/yauzl@2.10.3 OK for: extract-zip@2.0.1 want: ^2.9.1
109 silly placeDep node_modules/ngrok debug@4.4.3 OK for: extract-zip@2.0.1 want: ^4.1.1
110 silly placeDep node_modules/ngrok get-stream@5.2.0 OK for: extract-zip@2.0.1 want: ^5.1.0
111 silly placeDep node_modules/ngrok yauzl@2.10.0 OK for: extract-zip@2.0.1 want: ^2.10.0
112 silly fetch manifest @types/node@*
113 silly packumentCache full:https://registry.npmjs.org/@types%2fnode cache-miss
114 silly fetch manifest ms@^2.1.3
115 silly packumentCache full:https://registry.npmjs.org/ms cache-miss
116 silly fetch manifest pump@^3.0.0
117 silly packumentCache full:https://registry.npmjs.org/pump cache-miss
118 http fetch GET 200 https://registry.npmjs.org/pump 61ms (cache miss)
119 silly packumentCache full:https://registry.npmjs.org/pump set size:undefined disposed:false
120 silly fetch manifest fd-slicer@~1.1.0
121 silly packumentCache full:https://registry.npmjs.org/fd-slicer cache-miss
122 http fetch GET 200 https://registry.npmjs.org/ms 79ms (cache miss)
123 silly packumentCache full:https://registry.npmjs.org/ms set size:undefined disposed:false
124 silly fetch manifest buffer-crc32@~0.2.3
125 silly packumentCache full:https://registry.npmjs.org/buffer-crc32 cache-miss
126 http fetch GET 200 https://registry.npmjs.org/fd-slicer 99ms (cache miss)
127 silly packumentCache full:https://registry.npmjs.org/fd-slicer set size:undefined disposed:false
128 http fetch GET 200 https://registry.npmjs.org/buffer-crc32 108ms (cache miss)
129 silly packumentCache full:https://registry.npmjs.org/buffer-crc32 set size:undefined disposed:false
130 http fetch GET 200 https://registry.npmjs.org/@types%2fnode 313ms (cache miss)
131 silly packumentCache full:https://registry.npmjs.org/@types%2fnode set size:undefined disposed:false
132 silly placeDep node_modules/ngrok @types/node@24.7.0 OK for: @types/yauzl@2.10.3 want: *
133 silly fetch manifest undici-types@~7.14.0
134 silly packumentCache full:https://registry.npmjs.org/undici-types cache-miss
135 http fetch GET 200 https://registry.npmjs.org/undici-types 72ms (cache miss)
136 silly packumentCache full:https://registry.npmjs.org/undici-types set size:undefined disposed:false
137 silly placeDep node_modules/ngrok undici-types@7.14.0 OK for: @types/node@24.7.0 want: ~7.14.0
138 silly placeDep node_modules/ngrok ms@2.1.3 OK for: debug@4.4.3 want: ^2.1.3
139 silly placeDep node_modules/ngrok pump@3.0.3 OK for: get-stream@5.2.0 want: ^3.0.0
140 silly fetch manifest end-of-stream@^1.1.0
141 silly packumentCache full:https://registry.npmjs.org/end-of-stream cache-miss
142 silly fetch manifest once@^1.3.1
143 silly packumentCache full:https://registry.npmjs.org/once cache-miss
144 http fetch GET 200 https://registry.npmjs.org/once 45ms (cache miss)
145 silly packumentCache full:https://registry.npmjs.org/once set size:undefined disposed:false
146 http fetch GET 200 https://registry.npmjs.org/end-of-stream 69ms (cache miss)
147 silly packumentCache full:https://registry.npmjs.org/end-of-stream set size:undefined disposed:false
148 silly placeDep node_modules/ngrok @sindresorhus/is@4.6.0 OK for: got@11.8.6 want: ^4.0.0
149 silly placeDep node_modules/ngrok @szmarczak/http-timer@4.0.6 OK for: got@11.8.6 want: ^4.0.5
150 silly placeDep node_modules/ngrok @types/cacheable-request@6.0.3 OK for: got@11.8.6 want: ^6.0.1
151 silly placeDep node_modules/ngrok @types/responselike@1.0.3 OK for: got@11.8.6 want: ^1.0.0
152 silly placeDep node_modules/ngrok cacheable-lookup@5.0.4 OK for: got@11.8.6 want: ^5.0.3
153 silly placeDep node_modules/ngrok cacheable-request@7.0.4 OK for: got@11.8.6 want: ^7.0.2
154 silly placeDep node_modules/ngrok decompress-response@6.0.0 OK for: got@11.8.6 want: ^6.0.0
155 silly placeDep node_modules/ngrok http2-wrapper@1.0.3 OK for: got@11.8.6 want: ^1.0.0-beta.5.2
156 silly placeDep node_modules/ngrok lowercase-keys@2.0.0 OK for: got@11.8.6 want: ^2.0.0
157 silly placeDep node_modules/ngrok p-cancelable@2.1.1 OK for: got@11.8.6 want: ^2.0.0
158 silly placeDep node_modules/ngrok responselike@2.0.1 OK for: got@11.8.6 want: ^2.0.0
159 silly fetch manifest defer-to-connect@^2.0.0
160 silly packumentCache full:https://registry.npmjs.org/defer-to-connect cache-miss
161 silly fetch manifest @types/keyv@^3.1.4
162 silly packumentCache full:https://registry.npmjs.org/@types%2fkeyv cache-miss
163 silly fetch manifest @types/http-cache-semantics@*
164 silly packumentCache full:https://registry.npmjs.org/@types%2fhttp-cache-semantics cache-miss
165 http fetch GET 200 https://registry.npmjs.org/defer-to-connect 52ms (cache miss)
166 silly packumentCache full:https://registry.npmjs.org/defer-to-connect set size:undefined disposed:false
167 silly fetch manifest keyv@^4.0.0
168 silly packumentCache full:https://registry.npmjs.org/keyv cache-miss
169 http fetch GET 200 https://registry.npmjs.org/@types%2fhttp-cache-semantics 69ms (cache miss)
170 silly packumentCache full:https://registry.npmjs.org/@types%2fhttp-cache-semantics set size:undefined disposed:false
171 silly fetch manifest normalize-url@^6.0.1
172 silly packumentCache full:https://registry.npmjs.org/normalize-url cache-miss
173 http fetch GET 200 https://registry.npmjs.org/@types%2fkeyv 73ms (cache miss)
174 silly packumentCache full:https://registry.npmjs.org/@types%2fkeyv set size:undefined disposed:false
175 silly fetch manifest clone-response@^1.0.2
176 silly packumentCache full:https://registry.npmjs.org/clone-response cache-miss
177 http fetch GET 200 https://registry.npmjs.org/keyv 72ms (cache miss)
178 silly packumentCache full:https://registry.npmjs.org/keyv set size:undefined disposed:false
179 silly fetch manifest http-cache-semantics@^4.0.0
180 silly packumentCache full:https://registry.npmjs.org/http-cache-semantics cache-miss
181 http fetch GET 200 https://registry.npmjs.org/clone-response 61ms (cache miss)
182 silly packumentCache full:https://registry.npmjs.org/clone-response set size:undefined disposed:false
183 silly fetch manifest mimic-response@^3.1.0
184 silly packumentCache full:https://registry.npmjs.org/mimic-response cache-miss
185 http fetch GET 200 https://registry.npmjs.org/normalize-url 72ms (cache miss)
186 silly packumentCache full:https://registry.npmjs.org/normalize-url set size:undefined disposed:false
187 silly fetch manifest quick-lru@^5.1.1
188 silly packumentCache full:https://registry.npmjs.org/quick-lru cache-miss
189 http fetch GET 200 https://registry.npmjs.org/http-cache-semantics 56ms (cache miss)
190 silly packumentCache full:https://registry.npmjs.org/http-cache-semantics set size:undefined disposed:false
191 silly fetch manifest resolve-alpn@^1.0.0
192 silly packumentCache full:https://registry.npmjs.org/resolve-alpn cache-miss
193 http fetch GET 200 https://registry.npmjs.org/mimic-response 62ms (cache miss)
194 silly packumentCache full:https://registry.npmjs.org/mimic-response set size:undefined disposed:false
195 http fetch GET 200 https://registry.npmjs.org/quick-lru 58ms (cache miss)
196 silly packumentCache full:https://registry.npmjs.org/quick-lru set size:undefined disposed:false
197 http fetch GET 200 https://registry.npmjs.org/resolve-alpn 54ms (cache miss)
198 silly packumentCache full:https://registry.npmjs.org/resolve-alpn set size:undefined disposed:false
199 silly placeDep node_modules/ngrok defer-to-connect@2.0.1 OK for: @szmarczak/http-timer@4.0.6 want: ^2.0.0
200 silly placeDep node_modules/ngrok @types/http-cache-semantics@4.0.4 OK for: @types/cacheable-request@6.0.3 want: *
201 silly placeDep node_modules/ngrok @types/keyv@3.1.4 OK for: @types/cacheable-request@6.0.3 want: ^3.1.4
202 silly placeDep node_modules/ngrok clone-response@1.0.3 OK for: cacheable-request@7.0.4 want: ^1.0.2
203 silly placeDep node_modules/ngrok http-cache-semantics@4.2.0 OK for: cacheable-request@7.0.4 want: ^4.0.0
204 silly placeDep node_modules/ngrok keyv@4.5.4 OK for: cacheable-request@7.0.4 want: ^4.0.0
205 silly placeDep node_modules/ngrok normalize-url@6.1.0 OK for: cacheable-request@7.0.4 want: ^6.0.1
206 silly fetch manifest mimic-response@^1.0.0
207 silly packumentCache full:https://registry.npmjs.org/mimic-response cache-miss
208 silly fetch manifest json-buffer@3.0.1
209 silly packumentCache full:https://registry.npmjs.org/json-buffer cache-miss
210 http cache https://registry.npmjs.org/mimic-response 13ms (cache hit)
211 silly packumentCache full:https://registry.npmjs.org/mimic-response set size:20174 disposed:false
212 http fetch GET 200 https://registry.npmjs.org/json-buffer 41ms (cache miss)
213 silly packumentCache full:https://registry.npmjs.org/json-buffer set size:undefined disposed:false
214 silly placeDep node_modules/ngrok mimic-response@1.0.1 OK for: clone-response@1.0.3 want: ^1.0.0
215 silly placeDep node_modules/ngrok/node_modules/decompress-response mimic-response@3.1.0 OK for: decompress-response@6.0.0 want: ^3.1.0
216 silly placeDep node_modules/ngrok quick-lru@5.1.1 OK for: http2-wrapper@1.0.3 want: ^5.1.1
217 silly placeDep node_modules/ngrok resolve-alpn@1.2.1 OK for: http2-wrapper@1.0.3 want: ^1.0.0
218 silly placeDep node_modules/ngrok json-buffer@3.0.1 OK for: keyv@4.5.4 want: 3.0.1
219 silly placeDep node_modules/ngrok end-of-stream@1.4.5 OK for: pump@3.0.3 want: ^1.1.0
220 silly placeDep node_modules/ngrok once@1.4.0 OK for: pump@3.0.3 want: ^1.3.1
221 silly fetch manifest once@^1.4.0
222 silly packumentCache full:https://registry.npmjs.org/once cache-miss
223 silly fetch manifest wrappy@1
224 silly packumentCache full:https://registry.npmjs.org/wrappy cache-miss
225 http cache https://registry.npmjs.org/once 11ms (cache hit)
226 silly packumentCache full:https://registry.npmjs.org/once set size:11768 disposed:false
227 http fetch GET 200 https://registry.npmjs.org/wrappy 62ms (cache miss)
228 silly packumentCache full:https://registry.npmjs.org/wrappy set size:undefined disposed:false
229 silly placeDep node_modules/ngrok wrappy@1.0.2 OK for: once@1.4.0 want: 1
230 silly placeDep node_modules/ngrok buffer-crc32@0.2.13 OK for: yauzl@2.10.0 want: ~0.2.3
231 silly placeDep node_modules/ngrok fd-slicer@1.1.0 OK for: yauzl@2.10.0 want: ~1.1.0
232 silly fetch manifest pend@~1.2.0
233 silly packumentCache full:https://registry.npmjs.org/pend cache-miss
234 http fetch GET 200 https://registry.npmjs.org/pend 57ms (cache miss)
235 silly packumentCache full:https://registry.npmjs.org/pend set size:undefined disposed:false
236 silly placeDep node_modules/ngrok pend@1.2.0 OK for: fd-slicer@1.1.0 want: ~1.2.0
237 silly reify moves {}
238 http cache ngrok@https://registry.npmjs.org/ngrok/-/ngrok-5.0.0-beta.2.tgz 0ms (cache hit)
239 http cache pend@https://registry.npmjs.org/pend/-/pend-1.2.0.tgz 0ms (cache hit)
240 http cache buffer-crc32@https://registry.npmjs.org/buffer-crc32/-/buffer-crc32-0.2.13.tgz 0ms (cache hit)
241 http cache wrappy@https://registry.npmjs.org/wrappy/-/wrappy-1.0.2.tgz 0ms (cache hit)
242 http cache fd-slicer@https://registry.npmjs.org/fd-slicer/-/fd-slicer-1.1.0.tgz 0ms (cache hit)
243 http cache once@https://registry.npmjs.org/once/-/once-1.4.0.tgz 0ms (cache hit)
244 http cache end-of-stream@https://registry.npmjs.org/end-of-stream/-/end-of-stream-1.4.5.tgz 0ms (cache hit)
245 http cache json-buffer@https://registry.npmjs.org/json-buffer/-/json-buffer-3.0.1.tgz 0ms (cache hit)
246 http cache resolve-alpn@https://registry.npmjs.org/resolve-alpn/-/resolve-alpn-1.2.1.tgz 0ms (cache hit)
247 http cache quick-lru@https://registry.npmjs.org/quick-lru/-/quick-lru-5.1.1.tgz 0ms (cache hit)
248 http cache mimic-response@https://registry.npmjs.org/mimic-response/-/mimic-response-1.0.1.tgz 0ms (cache hit)
249 http cache normalize-url@https://registry.npmjs.org/normalize-url/-/normalize-url-6.1.0.tgz 0ms (cache hit)
250 http cache keyv@https://registry.npmjs.org/keyv/-/keyv-4.5.4.tgz 0ms (cache hit)
251 http cache clone-response@https://registry.npmjs.org/clone-response/-/clone-response-1.0.3.tgz 0ms (cache hit)
252 http cache http-cache-semantics@https://registry.npmjs.org/http-cache-semantics/-/http-cache-semantics-4.2.0.tgz 0ms (cache hit)
253 http cache @types/keyv@https://registry.npmjs.org/@types/keyv/-/keyv-3.1.4.tgz 0ms (cache hit)
254 http cache defer-to-connect@https://registry.npmjs.org/defer-to-connect/-/defer-to-connect-2.0.1.tgz 0ms (cache hit)
255 http cache @types/http-cache-semantics@https://registry.npmjs.org/@types/http-cache-semantics/-/http-cache-semantics-4.0.4.tgz 0ms (cache hit)
256 http cache responselike@https://registry.npmjs.org/responselike/-/responselike-2.0.1.tgz 0ms (cache hit)
257 http cache p-cancelable@https://registry.npmjs.org/p-cancelable/-/p-cancelable-2.1.1.tgz 0ms (cache hit)
258 http cache lowercase-keys@https://registry.npmjs.org/lowercase-keys/-/lowercase-keys-2.0.0.tgz 0ms (cache hit)
259 http cache http2-wrapper@https://registry.npmjs.org/http2-wrapper/-/http2-wrapper-1.0.3.tgz 1ms (cache hit)
260 http cache cacheable-request@https://registry.npmjs.org/cacheable-request/-/cacheable-request-7.0.4.tgz 0ms (cache hit)
261 http cache decompress-response@https://registry.npmjs.org/decompress-response/-/decompress-response-6.0.0.tgz 0ms (cache hit)
262 http cache cacheable-lookup@https://registry.npmjs.org/cacheable-lookup/-/cacheable-lookup-5.0.4.tgz 0ms (cache hit)
263 http cache mimic-response@https://registry.npmjs.org/mimic-response/-/mimic-response-3.1.0.tgz 0ms (cache hit)
264 http cache @types/responselike@https://registry.npmjs.org/@types/responselike/-/responselike-1.0.3.tgz 0ms (cache hit)
265 http cache @types/cacheable-request@https://registry.npmjs.org/@types/cacheable-request/-/cacheable-request-6.0.3.tgz 1ms (cache hit)
266 http cache @szmarczak/http-timer@https://registry.npmjs.org/@szmarczak/http-timer/-/http-timer-4.0.6.tgz 0ms (cache hit)
267 http cache @sindresorhus/is@https://registry.npmjs.org/@sindresorhus/is/-/is-4.6.0.tgz 0ms (cache hit)
268 http cache pump@https://registry.npmjs.org/pump/-/pump-3.0.3.tgz 0ms (cache hit)
269 http cache ms@https://registry.npmjs.org/ms/-/ms-2.1.3.tgz 0ms (cache hit)
270 http cache undici-types@https://registry.npmjs.org/undici-types/-/undici-types-7.14.0.tgz 0ms (cache hit)
271 http cache @types/node@https://registry.npmjs.org/@types/node/-/node-24.7.0.tgz 0ms (cache hit)
272 http cache yauzl@https://registry.npmjs.org/yauzl/-/yauzl-2.10.0.tgz 0ms (cache hit)
273 http cache get-stream@https://registry.npmjs.org/get-stream/-/get-stream-5.2.0.tgz 0ms (cache hit)
274 http cache debug@https://registry.npmjs.org/debug/-/debug-4.4.3.tgz 0ms (cache hit)
275 http cache @types/yauzl@https://registry.npmjs.org/@types/yauzl/-/yauzl-2.10.3.tgz 0ms (cache hit)
276 http cache yaml@https://registry.npmjs.org/yaml/-/yaml-2.8.1.tgz 0ms (cache hit)
277 http cache uuid@https://registry.npmjs.org/uuid/-/uuid-8.3.2.tgz 0ms (cache hit)
278 http cache lodash.clonedeep@https://registry.npmjs.org/lodash.clonedeep/-/lodash.clonedeep-4.5.0.tgz 0ms (cache hit)
279 http cache hpagent@https://registry.npmjs.org/hpagent/-/hpagent-0.1.2.tgz 0ms (cache hit)
280 http cache got@https://registry.npmjs.org/got/-/got-11.8.6.tgz 0ms (cache hit)
281 silly tarball no local data for ngrok@https://registry.npmjs.org/ngrok/-/ngrok-5.0.0-beta.2.tgz. Extracting by manifest.
282 http cache extract-zip@https://registry.npmjs.org/extract-zip/-/extract-zip-2.0.1.tgz 0ms (cache hit)
283 silly tarball no local data for pend@https://registry.npmjs.org/pend/-/pend-1.2.0.tgz. Extracting by manifest.
284 silly tarball no local data for buffer-crc32@https://registry.npmjs.org/buffer-crc32/-/buffer-crc32-0.2.13.tgz. Extracting by manifest.
285 silly tarball no local data for wrappy@https://registry.npmjs.org/wrappy/-/wrappy-1.0.2.tgz. Extracting by manifest.
286 silly tarball no local data for fd-slicer@https://registry.npmjs.org/fd-slicer/-/fd-slicer-1.1.0.tgz. Extracting by manifest.
287 silly tarball no local data for once@https://registry.npmjs.org/once/-/once-1.4.0.tgz. Extracting by manifest.
288 silly tarball no local data for end-of-stream@https://registry.npmjs.org/end-of-stream/-/end-of-stream-1.4.5.tgz. Extracting by manifest.
289 silly tarball no local data for json-buffer@https://registry.npmjs.org/json-buffer/-/json-buffer-3.0.1.tgz. Extracting by manifest.
290 silly tarball no local data for resolve-alpn@https://registry.npmjs.org/resolve-alpn/-/resolve-alpn-1.2.1.tgz. Extracting by manifest.
291 silly tarball no local data for quick-lru@https://registry.npmjs.org/quick-lru/-/quick-lru-5.1.1.tgz. Extracting by manifest.
292 silly tarball no local data for mimic-response@https://registry.npmjs.org/mimic-response/-/mimic-response-1.0.1.tgz. Extracting by manifest.
293 silly tarball no local data for normalize-url@https://registry.npmjs.org/normalize-url/-/normalize-url-6.1.0.tgz. Extracting by manifest.
294 silly tarball no local data for keyv@https://registry.npmjs.org/keyv/-/keyv-4.5.4.tgz. Extracting by manifest.
295 silly tarball no local data for clone-response@https://registry.npmjs.org/clone-response/-/clone-response-1.0.3.tgz. Extracting by manifest.
296 silly tarball no local data for http-cache-semantics@https://registry.npmjs.org/http-cache-semantics/-/http-cache-semantics-4.2.0.tgz. Extracting by manifest.
297 silly tarball no local data for @types/keyv@https://registry.npmjs.org/@types/keyv/-/keyv-3.1.4.tgz. Extracting by manifest.
298 silly tarball no local data for defer-to-connect@https://registry.npmjs.org/defer-to-connect/-/defer-to-connect-2.0.1.tgz. Extracting by manifest.
299 silly tarball no local data for @types/http-cache-semantics@https://registry.npmjs.org/@types/http-cache-semantics/-/http-cache-semantics-4.0.4.tgz. Extracting by manifest.
300 silly tarball no local data for responselike@https://registry.npmjs.org/responselike/-/responselike-2.0.1.tgz. Extracting by manifest.
301 silly tarball no local data for p-cancelable@https://registry.npmjs.org/p-cancelable/-/p-cancelable-2.1.1.tgz. Extracting by manifest.
302 silly tarball no local data for lowercase-keys@https://registry.npmjs.org/lowercase-keys/-/lowercase-keys-2.0.0.tgz. Extracting by manifest.
303 silly tarball no local data for http2-wrapper@https://registry.npmjs.org/http2-wrapper/-/http2-wrapper-1.0.3.tgz. Extracting by manifest.
304 silly tarball no local data for cacheable-request@https://registry.npmjs.org/cacheable-request/-/cacheable-request-7.0.4.tgz. Extracting by manifest.
305 silly tarball no local data for decompress-response@https://registry.npmjs.org/decompress-response/-/decompress-response-6.0.0.tgz. Extracting by manifest.
306 silly tarball no local data for cacheable-lookup@https://registry.npmjs.org/cacheable-lookup/-/cacheable-lookup-5.0.4.tgz. Extracting by manifest.
307 silly tarball no local data for mimic-response@https://registry.npmjs.org/mimic-response/-/mimic-response-3.1.0.tgz. Extracting by manifest.
308 silly tarball no local data for @types/responselike@https://registry.npmjs.org/@types/responselike/-/responselike-1.0.3.tgz. Extracting by manifest.
309 silly tarball no local data for @types/cacheable-request@https://registry.npmjs.org/@types/cacheable-request/-/cacheable-request-6.0.3.tgz. Extracting by manifest.
310 silly tarball no local data for pump@https://registry.npmjs.org/pump/-/pump-3.0.3.tgz. Extracting by manifest.
311 silly tarball no local data for ms@https://registry.npmjs.org/ms/-/ms-2.1.3.tgz. Extracting by manifest.
312 silly tarball no local data for undici-types@https://registry.npmjs.org/undici-types/-/undici-types-7.14.0.tgz. Extracting by manifest.
313 silly tarball no local data for @types/node@https://registry.npmjs.org/@types/node/-/node-24.7.0.tgz. Extracting by manifest.
314 silly tarball no local data for yauzl@https://registry.npmjs.org/yauzl/-/yauzl-2.10.0.tgz. Extracting by manifest.
315 silly tarball no local data for get-stream@https://registry.npmjs.org/get-stream/-/get-stream-5.2.0.tgz. Extracting by manifest.
316 silly tarball no local data for debug@https://registry.npmjs.org/debug/-/debug-4.4.3.tgz. Extracting by manifest.
317 silly tarball no local data for @types/yauzl@https://registry.npmjs.org/@types/yauzl/-/yauzl-2.10.3.tgz. Extracting by manifest.
318 silly tarball no local data for yaml@https://registry.npmjs.org/yaml/-/yaml-2.8.1.tgz. Extracting by manifest.
319 silly tarball no local data for uuid@https://registry.npmjs.org/uuid/-/uuid-8.3.2.tgz. Extracting by manifest.
320 silly tarball no local data for lodash.clonedeep@https://registry.npmjs.org/lodash.clonedeep/-/lodash.clonedeep-4.5.0.tgz. Extracting by manifest.
321 silly tarball no local data for hpagent@https://registry.npmjs.org/hpagent/-/hpagent-0.1.2.tgz. Extracting by manifest.
322 silly tarball no local data for got@https://registry.npmjs.org/got/-/got-11.8.6.tgz. Extracting by manifest.
323 silly tarball no local data for extract-zip@https://registry.npmjs.org/extract-zip/-/extract-zip-2.0.1.tgz. Extracting by manifest.
324 silly tarball no local data for @sindresorhus/is@https://registry.npmjs.org/@sindresorhus/is/-/is-4.6.0.tgz. Extracting by manifest.
325 silly tarball no local data for @szmarczak/http-timer@https://registry.npmjs.org/@szmarczak/http-timer/-/http-timer-4.0.6.tgz. Extracting by manifest.
326 http fetch GET 200 https://registry.npmjs.org/pend/-/pend-1.2.0.tgz 383ms (cache miss)
327 http fetch GET 200 https://registry.npmjs.org/buffer-crc32/-/buffer-crc32-0.2.13.tgz 424ms (cache miss)
328 http fetch GET 200 https://registry.npmjs.org/defer-to-connect/-/defer-to-connect-2.0.1.tgz 428ms (cache miss)
329 http fetch GET 200 https://registry.npmjs.org/@types/keyv/-/keyv-3.1.4.tgz 552ms (cache miss)
330 http fetch GET 200 https://registry.npmjs.org/responselike/-/responselike-2.0.1.tgz 732ms (cache miss)
331 http fetch GET 200 https://registry.npmjs.org/once/-/once-1.4.0.tgz 750ms (cache miss)
332 http fetch GET 200 https://registry.npmjs.org/@types/http-cache-semantics/-/http-cache-semantics-4.0.4.tgz 751ms (cache miss)
333 http fetch GET 200 https://registry.npmjs.org/wrappy/-/wrappy-1.0.2.tgz 789ms (cache miss)
334 http fetch GET 200 https://registry.npmjs.org/end-of-stream/-/end-of-stream-1.4.5.tgz 801ms (cache miss)
335 http fetch GET 200 https://registry.npmjs.org/p-cancelable/-/p-cancelable-2.1.1.tgz 796ms (cache miss)
336 http fetch GET 200 https://registry.npmjs.org/mimic-response/-/mimic-response-1.0.1.tgz 1307ms (cache miss)
337 http fetch GET 200 https://registry.npmjs.org/@types/cacheable-request/-/cacheable-request-6.0.3.tgz 1310ms (cache miss)
338 http fetch GET 200 https://registry.npmjs.org/quick-lru/-/quick-lru-5.1.1.tgz 1338ms (cache miss)
339 http fetch GET 200 https://registry.npmjs.org/lowercase-keys/-/lowercase-keys-2.0.0.tgz 1329ms (cache miss)
340 http fetch GET 200 https://registry.npmjs.org/clone-response/-/clone-response-1.0.3.tgz 1340ms (cache miss)
341 http fetch GET 200 https://registry.npmjs.org/@types/responselike/-/responselike-1.0.3.tgz 1339ms (cache miss)
342 http fetch GET 200 https://registry.npmjs.org/ms/-/ms-2.1.3.tgz 1340ms (cache miss)
343 http fetch GET 200 https://registry.npmjs.org/decompress-response/-/decompress-response-6.0.0.tgz 1347ms (cache miss)
344 http fetch GET 200 https://registry.npmjs.org/mimic-response/-/mimic-response-3.1.0.tgz 1346ms (cache miss)
345 http fetch GET 200 https://registry.npmjs.org/@types/yauzl/-/yauzl-2.10.3.tgz 1338ms (cache miss)
346 http fetch GET 200 https://registry.npmjs.org/pump/-/pump-3.0.3.tgz 1346ms (cache miss)
347 http fetch GET 200 https://registry.npmjs.org/resolve-alpn/-/resolve-alpn-1.2.1.tgz 1370ms (cache miss)
348 http fetch GET 200 https://registry.npmjs.org/json-buffer/-/json-buffer-3.0.1.tgz 1380ms (cache miss)
349 http fetch GET 200 https://registry.npmjs.org/get-stream/-/get-stream-5.2.0.tgz 1357ms (cache miss)
350 http fetch GET 200 https://registry.npmjs.org/normalize-url/-/normalize-url-6.1.0.tgz 1389ms (cache miss)
351 http fetch GET 200 https://registry.npmjs.org/keyv/-/keyv-4.5.4.tgz 1394ms (cache miss)
352 http fetch GET 200 https://registry.npmjs.org/fd-slicer/-/fd-slicer-1.1.0.tgz 1412ms (cache miss)
353 http fetch GET 200 https://registry.npmjs.org/@szmarczak/http-timer/-/http-timer-4.0.6.tgz 1398ms (cache miss)
354 http fetch GET 200 https://registry.npmjs.org/extract-zip/-/extract-zip-2.0.1.tgz 1427ms (cache miss)
355 http fetch GET 200 https://registry.npmjs.org/cacheable-request/-/cacheable-request-7.0.4.tgz 1493ms (cache miss)
356 http fetch GET 200 https://registry.npmjs.org/cacheable-lookup/-/cacheable-lookup-5.0.4.tgz 1503ms (cache miss)
357 http fetch GET 200 https://registry.npmjs.org/yauzl/-/yauzl-2.10.0.tgz 1580ms (cache miss)
358 http fetch GET 200 https://registry.npmjs.org/lodash.clonedeep/-/lodash.clonedeep-4.5.0.tgz 1575ms (cache miss)
359 http fetch GET 200 https://registry.npmjs.org/http-cache-semantics/-/http-cache-semantics-4.2.0.tgz 1665ms (cache miss)
360 http fetch GET 200 https://registry.npmjs.org/@sindresorhus/is/-/is-4.6.0.tgz 1665ms (cache miss)
361 http fetch GET 200 https://registry.npmjs.org/debug/-/debug-4.4.3.tgz 1734ms (cache miss)
362 http fetch GET 200 https://registry.npmjs.org/http2-wrapper/-/http2-wrapper-1.0.3.tgz 2119ms (cache miss)
363 http fetch GET 200 https://registry.npmjs.org/hpagent/-/hpagent-0.1.2.tgz 2167ms (cache miss)
364 http fetch GET 200 https://registry.npmjs.org/undici-types/-/undici-types-7.14.0.tgz 3457ms (cache miss)
365 http fetch GET 200 https://registry.npmjs.org/got/-/got-11.8.6.tgz 4221ms (cache miss)
366 http fetch GET 200 https://registry.npmjs.org/uuid/-/uuid-8.3.2.tgz 4774ms (cache miss)
367 http fetch GET 200 https://registry.npmjs.org/ngrok/-/ngrok-5.0.0-beta.2.tgz 4832ms (cache miss)
368 http fetch GET 200 https://registry.npmjs.org/@types/node/-/node-24.7.0.tgz 5004ms (cache miss)
369 http fetch GET 200 https://registry.npmjs.org/yaml/-/yaml-2.8.1.tgz 5925ms (cache miss)
370 info run ngrok@5.0.0-beta.2 postinstall node_modules/ngrok node ./postinstall.js
371 info run ngrok@5.0.0-beta.2 postinstall { code: 0, signal: null }
372 silly ADD node_modules/ngrok
373 silly ADD node_modules/ngrok/node_modules/pend
374 silly ADD node_modules/ngrok/node_modules/fd-slicer
375 silly ADD node_modules/ngrok/node_modules/buffer-crc32
376 silly ADD node_modules/ngrok/node_modules/wrappy
377 silly ADD node_modules/ngrok/node_modules/once
378 silly ADD node_modules/ngrok/node_modules/end-of-stream
379 silly ADD node_modules/ngrok/node_modules/json-buffer
380 silly ADD node_modules/ngrok/node_modules/resolve-alpn
381 silly ADD node_modules/ngrok/node_modules/quick-lru
382 silly ADD node_modules/ngrok/node_modules/mimic-response
383 silly ADD node_modules/ngrok/node_modules/normalize-url
384 silly ADD node_modules/ngrok/node_modules/keyv
385 silly ADD node_modules/ngrok/node_modules/http-cache-semantics
386 silly ADD node_modules/ngrok/node_modules/clone-response
387 silly ADD node_modules/ngrok/node_modules/@types/keyv
388 silly ADD node_modules/ngrok/node_modules/@types/http-cache-semantics
389 silly ADD node_modules/ngrok/node_modules/defer-to-connect
390 silly ADD node_modules/ngrok/node_modules/responselike
391 silly ADD node_modules/ngrok/node_modules/p-cancelable
392 silly ADD node_modules/ngrok/node_modules/lowercase-keys
393 silly ADD node_modules/ngrok/node_modules/http2-wrapper
394 silly ADD node_modules/ngrok/node_modules/decompress-response
395 silly ADD node_modules/ngrok/node_modules/decompress-response/node_modules/mimic-response
396 silly ADD node_modules/ngrok/node_modules/cacheable-request
397 silly ADD node_modules/ngrok/node_modules/cacheable-lookup
398 silly ADD node_modules/ngrok/node_modules/@types/responselike
399 silly ADD node_modules/ngrok/node_modules/@types/cacheable-request
400 silly ADD node_modules/ngrok/node_modules/@szmarczak/http-timer
401 silly ADD node_modules/ngrok/node_modules/@sindresorhus/is
402 silly ADD node_modules/ngrok/node_modules/pump
403 silly ADD node_modules/ngrok/node_modules/ms
404 silly ADD node_modules/ngrok/node_modules/undici-types
405 silly ADD node_modules/ngrok/node_modules/@types/node
406 silly ADD node_modules/ngrok/node_modules/yauzl
407 silly ADD node_modules/ngrok/node_modules/get-stream
408 silly ADD node_modules/ngrok/node_modules/debug
409 silly ADD node_modules/ngrok/node_modules/@types/yauzl
410 silly ADD node_modules/ngrok/node_modules/yaml
411 silly ADD node_modules/ngrok/node_modules/uuid
412 silly ADD node_modules/ngrok/node_modules/lodash.clonedeep
413 silly ADD node_modules/ngrok/node_modules/hpagent
414 silly ADD node_modules/ngrok/node_modules/got
415 silly ADD node_modules/ngrok/node_modules/extract-zip
416 verbose cwd C:\Users\Fabio R\Projects\checkout-RETIRO-redentor\apps\api
417 verbose os Windows_NT 6.3.9600
418 verbose node v22.20.0
419 verbose npm  v11.6.1
420 verbose exit 0
421 info ok
